Checking for new versions...

A newer version of the Stripe CLI is available, please update to: v1.40.9
Getting ready...
Ready! You are using Stripe API Version [2026-04-22.dahlia]. Your webhook signing secret is whsec_3d86cad2d57dbbb9e7bc492e64884fe18930964a3536a56aa6eb2c5a882191db (^C to quit)
2026-05-09 16:55:55   --> payment_intent.succeeded [evt_3TV91122sVmSdWme0kPrPFRW]
2026-05-09 16:55:55   --> charge.succeeded [evt_3TV91122sVmSdWme0PK31jfn]
2026-05-09 16:55:55   --> payment_method.attached [evt_1TV91422sVmSdWmeTH95fpkc]
2026-05-09 16:55:55   --> customer.subscription.created [evt_1TV91422sVmSdWmekH4CL5Jd]
2026-05-09 16:55:55   --> payment_intent.created [evt_3TV91122sVmSdWme0lteePGf]
2026-05-09 16:55:55  <--  [200] POST http://localhost:3000/api/webhooks/stripe [evt_3TV91122sVmSdWme0PK31jfn]
2026-05-09 16:55:55  <--  [200] POST http://localhost:3000/api/webhooks/stripe [evt_1TV91422sVmSdWmeTH95fpkc]
2026-05-09 16:55:55  <--  [200] POST http://localhost:3000/api/webhooks/stripe [evt_3TV91122sVmSdWme0kPrPFRW]
2026-05-09 16:55:55  <--  [200] POST http://localhost:3000/api/webhooks/stripe [evt_1TV91422sVmSdWmekH4CL5Jd]
2026-05-09 16:55:55  <--  [200] POST http://localhost:3000/api/webhooks/stripe [evt_3TV91122sVmSdWme0lteePGf]
2026-05-09 16:55:55   --> checkout.session.completed [evt_1TV91522sVmSdWmeAzudcc8b]
2026-05-09 16:55:55   --> invoice.created [evt_1TV91522sVmSdWmezBIuibLW]
2026-05-09 16:55:55  <--  [200] POST http://localhost:3000/api/webhooks/stripe [evt_1TV91522sVmSdWmezBIuibLW]
2026-05-09 16:55:55   --> invoice.finalized [evt_1TV91522sVmSdWmeSK7QsDCB]
2026-05-09 16:55:55   --> invoice.paid [evt_1TV91522sVmSdWmeXwlsCsL5]
2026-05-09 16:55:55  <--  [200] POST http://localhost:3000/api/webhooks/stripe [evt_1TV91522sVmSdWmeSK7QsDCB]
2026-05-09 16:55:55  <--  [200] POST http://localhost:3000/api/webhooks/stripe [evt_1TV91522sVmSdWmeXwlsCsL5]
2026-05-09 16:55:56   --> invoice.payment_succeeded [evt_1TV91522sVmSdWmexIulK4ql]
2026-05-09 16:55:56  <--  [200] POST http://localhost:3000/api/webhooks/stripe [evt_1TV91522sVmSdWmexIulK4ql]
2026-05-09 16:55:56  <--  [200] POST http://localhost:3000/api/webhooks/stripe [evt_1TV91522sVmSdWmeAzudcc8b]
2026-05-09 16:56:33   --> invoice_payment.paid [evt_1TV91h22sVmSdWmeFJAIm1qQ]
2026-05-09 16:56:33  <--  [200] POST http://localhost:3000/api/webhooks/stripe [evt_1TV91h22sVmSdWmeFJAIm1qQ]
2026-05-09 17:04:58   --> charge.succeeded [evt_3TV99m22sVmSdWme1RluejWH]
2026-05-09 17:04:58   --> payment_method.attached [evt_1TV99q22sVmSdWmeZBFkB20C]
2026-05-09 17:04:58  <--  [200] POST http://localhost:3000/api/webhooks/stripe [evt_1TV99q22sVmSdWmeZBFkB20C]
2026-05-09 17:04:58  <--  [200] POST http://localhost:3000/api/webhooks/stripe [evt_3TV99m22sVmSdWme1RluejWH]
2026-05-09 17:04:58   --> customer.subscription.created [evt_1TV99q22sVmSdWmePWjk9XOx]
2026-05-09 17:04:58  <--  [200] POST http://localhost:3000/api/webhooks/stripe [evt_1TV99q22sVmSdWmePWjk9XOx]
2026-05-09 17:04:58   --> payment_intent.succeeded [evt_3TV99m22sVmSdWme1V7y0sY7]
2026-05-09 17:04:58  <--  [200] POST http://localhost:3000/api/webhooks/stripe [evt_3TV99m22sVmSdWme1V7y0sY7]
2026-05-09 17:04:58   --> invoice.finalized [evt_1TV99q22sVmSdWmeDrcgokcf]
2026-05-09 17:04:59   --> invoice.created [evt_1TV99q22sVmSdWmeLoIRQqsB]
2026-05-09 17:04:59   --> checkout.session.completed [evt_1TV99q22sVmSdWme7u0DHA7e]
2026-05-09 17:04:59  <--  [200] POST http://localhost:3000/api/webhooks/stripe [evt_1TV99q22sVmSdWmeDrcgokcf]
2026-05-09 17:04:59  <--  [200] POST http://localhost:3000/api/webhooks/stripe [evt_1TV99q22sVmSdWmeLoIRQqsB]
2026-05-09 17:04:59   --> invoice.paid [evt_1TV99q22sVmSdWmeydbbtk1d]
2026-05-09 17:04:59  <--  [200] POST http://localhost:3000/api/webhooks/stripe [evt_1TV99q22sVmSdWmeydbbtk1d]
2026-05-09 17:04:59   --> invoice.payment_succeeded [evt_1TV99q22sVmSdWmeHU7demo4]
2026-05-09 17:04:59  <--  [200] POST http://localhost:3000/api/webhooks/stripe [evt_1TV99q22sVmSdWmeHU7demo4]
2026-05-09 17:04:59   --> payment_intent.created [evt_3TV99m22sVmSdWme14MYwpH6]
2026-05-09 17:04:59  <--  [200] POST http://localhost:3000/api/webhooks/stripe [evt_3TV99m22sVmSdWme14MYwpH6]
2026-05-09 17:04:59  <--  [200] POST http://localhost:3000/api/webhooks/stripe [evt_1TV99q22sVmSdWme7u0DHA7e]
2026-05-09 17:05:17   --> invoice_payment.paid [evt_1TV9A922sVmSdWmeRrX5RxL1]
2026-05-09 17:05:17  <--  [200] POST http://localhost:3000/api/webhooks/stripe [evt_1TV9A922sVmSdWmeRrX5RxL1]
2026-05-09 17:13:16   --> charge.succeeded [evt_3TV9Hp22sVmSdWme12gOSPb4]
2026-05-09 17:13:16  <--  [200] POST http://localhost:3000/api/webhooks/stripe [evt_3TV9Hp22sVmSdWme12gOSPb4]
2026-05-09 17:13:16   --> payment_method.attached [evt_1TV9Hs22sVmSdWme7xmXqson]
2026-05-09 17:13:16  <--  [200] POST http://localhost:3000/api/webhooks/stripe [evt_1TV9Hs22sVmSdWme7xmXqson]
2026-05-09 17:13:17   --> customer.subscription.created [evt_1TV9Hs22sVmSdWmeFdWh6VU7]
2026-05-09 17:13:17  <--  [200] POST http://localhost:3000/api/webhooks/stripe [evt_1TV9Hs22sVmSdWmeFdWh6VU7]
2026-05-09 17:13:17   --> payment_intent.succeeded [evt_3TV9Hp22sVmSdWme1B09cdJ7]
2026-05-09 17:13:17  <--  [200] POST http://localhost:3000/api/webhooks/stripe [evt_3TV9Hp22sVmSdWme1B09cdJ7]
2026-05-09 17:13:17   --> checkout.session.completed [evt_1TV9Hs22sVmSdWme404FO9y4]
2026-05-09 17:13:17   --> payment_intent.created [evt_3TV9Hp22sVmSdWme12s1aYrC]
2026-05-09 17:13:17  <--  [200] POST http://localhost:3000/api/webhooks/stripe [evt_3TV9Hp22sVmSdWme12s1aYrC]
2026-05-09 17:13:18   --> invoice.created [evt_1TV9Hs22sVmSdWmeh5QP4IKz]
2026-05-09 17:13:18  <--  [200] POST http://localhost:3000/api/webhooks/stripe [evt_1TV9Hs22sVmSdWmeh5QP4IKz]
2026-05-09 17:13:18   --> invoice.finalized [evt_1TV9Hs22sVmSdWmeDH1WmcDP]
2026-05-09 17:13:18   --> invoice.paid [evt_1TV9Ht22sVmSdWmekdDFLCkO]
2026-05-09 17:13:18  <--  [200] POST http://localhost:3000/api/webhooks/stripe [evt_1TV9Hs22sVmSdWmeDH1WmcDP]
2026-05-09 17:13:18  <--  [200] POST http://localhost:3000/api/webhooks/stripe [evt_1TV9Ht22sVmSdWmekdDFLCkO]
2026-05-09 17:13:18   --> invoice.payment_succeeded [evt_1TV9Ht22sVmSdWmeex4Pr0Jg]
2026-05-09 17:13:18  <--  [200] POST http://localhost:3000/api/webhooks/stripe [evt_1TV9Ht22sVmSdWmeex4Pr0Jg]
2026-05-09 17:13:19  <--  [200] POST http://localhost:3000/api/webhooks/stripe [evt_1TV9Hs22sVmSdWme404FO9y4]
2026-05-09 17:13:21   --> invoice_payment.paid [evt_1TV9Hw22sVmSdWme2eXiFNJs]
2026-05-09 17:13:21  <--  [200] POST http://localhost:3000/api/webhooks/stripe [evt_1TV9Hw22sVmSdWme2eXiFNJs]
